// Jest Snapshot v1, https://goo.gl/fbAQLP

exports[`changes the class when hovered 2`] = `
<a
  className="hovered1"
  href="http://www.facebook.com"
  onMouseEnter={[Function]}
  onMouseLeave={[Function]}
>
  Facebook
   Link
</a>
`;

exports[`login renders correctly 1`] = `
<div>
  <div
    className="content"
  >
    <div
      className="applogin-banner"
    >
      <div
        className="applogin-background"
      />
      <div
        className="applogin-container"
      >
        <h1>
          Connecting to
          <div
            className="applogin-app-logo"
          >
            <img
              alt="SJSU Single Sign-on"
              className="logo sanjosestateuniversity_devshibbolethsp_1"
              src="sjsu-header-logo.png"
            />
          </div>
        </h1>
        <p>
          Sign-in with your San Jose State University account to access SJSU Single Sign-on
        </p>
      </div>
    </div>
    <div
      id="signin-container"
    >
      <div
        className="auth-container main-container no-beacon"
        data-se="auth-container"
        id="sjsu-sign-in"
      >
        <div
          className="sjsu-sign-in-header auth-header"
        >
          <img
            alt="San Jose State University"
            className="auth-org-logo"
            src="sjsu-full-logo.png"
          />
          <div
            className="beacon-container"
            data-type="beacon-container"
          />
        </div>
        <div
          className="auth-content"
        >
          <div
            className="auth-content-inner"
          >
            <div
              className="primary-auth"
            >
              <form
                className="primary-auth-form o-form o-form-edit-mode"
                data-se="o-form"
                id="form18"
              >
                <div
                  className="o-form-content o-form-theme clearfix"
                  data-se="o-form-content"
                >
                  <h2
                    className="sjsu-form-title o-form-head"
                    data-se="o-form-head"
                  >
                    Sign In
                  </h2>
                  <div
                    className="o-form-error-container"
                    data-se="o-form-error-container"
                  />
                  <div
                    className="o-form-fieldset-container"
                    data-se="o-form-fieldset-container"
                  >
                    <div
                      className="o-form-fieldset o-form-label-top"
                      data-se="o-form-fieldset"
                    >
                      <div
                        className="o-form-input"
                        data-se="o-form-input-container"
                      >
                        <span
                          className="o-form-input-name-username o-form-control sjsu-form-input-field input-fix focused-input"
                          data-se="o-form-input-username"
                        >
                          <span
                            className="input-tooltip icon form-help-16"
                            data-hasqtip="0"
                          />
                          <span
                            className="icon input-icon person-16-gray"
                          />
                          <input
                            aria-label="SJSU ID Number"
                            id="sjsu-signin-username"
                            name="username"
                            onChange={[Function]}
                            placeholder="SJSU ID"
                            type="text"
                          />
                        </span>
                      </div>
                    </div>
                    <div
                      className="o-form-fieldset o-form-label-top"
                      data-se="o-form-fieldset"
                    >
                      <div
                        className="o-form-input"
                        data-se="o-form-input-container"
                      >
                        <span
                          className="o-form-input-name-password o-form-control sjsu-form-input-field input-fix"
                          data-se="o-form-input-password"
                        >
                          <span
                            className="input-tooltip icon form-help-16"
                            data-hasqtip="1"
                          />
                          <span
                            className="icon input-icon remote-lock-16"
                          />
                          <input
                            aria-label="Password"
                            id="sjsu-signin-password"
                            name="password"
                            onChange={[Function]}
                            placeholder="Password"
                            type="password"
                          />
                        </span>
                      </div>
                    </div>
                  </div>
                </div>
                <div
                  clasName="errorMsg"
                />
                <div
                  className="o-form-button-bar"
                >
                  <button
                    className="button button-primary"
                    data-type="save"
                    id="sjsu-signin-submit"
                    onClick={[Function]}
                    value="Sign In"
                  >
                    Sign In
                  </button>
                </div>
              </form>
              <div
                className="auth-footer"
              >
                <a
                  href={true}
                  to="/signup"
                >
                  Signup for an account
                </a>
              </div>
            </div>
          </div>
        </div>
      </div>
    </div>
  </div>
</div>
`;
